Status: 500
Body: <!DOCTYPE html><html><head><style data-next-hide-fouc="true">body{display:none}</style><noscript data-next-hide-fouc="true"><style>body{display:block}</style></noscript><meta charSet="utf-8" data-next-head=""/><meta name="viewport" content="width=device-width" data-next-head=""/><noscript data-n-css=""></noscript><script defer="" nomodule="" src="/_next/static/chunks/polyfills.js"></script><script src="/_next/static/chunks/webpack.js" defer=""></script><script src="/_next/static/chunks/main.js" defer=""></script><script src="/_next/static/chunks/pages/_app.js" defer=""></script><script src="/_next/static/chunks/pages/_error.js" defer=""></script><script src="/_next/static/development/_buildManifest.js" defer=""></script><script src="/_next/static/development/_ssgManifest.js" defer=""></script><noscript id="__next_css__DO_NOT_USE__"></noscript></head><body><div id="__next"></div><script src="/_next/static/chunks/react-refresh.js"></script><script id="__NEXT_DATA__" type="application/json">{"props":{"pageProps":{"statusCode":500,"hostname":"localhost"}},"page":"/_error","query":{},"buildId":"development","isFallback":false,"err":{"name":"PrismaClientConstructorValidationError","source":"server","message":"Unknown property datasources provided to PrismaClient constructor.\nRead more at https://pris.ly/d/client-constructor","stack":"PrismaClientConstructorValidationError: Unknown property datasources provided to PrismaClient constructor.\nRead more at https://pris.ly/d/client-constructor\n    at jl (C:\\Users\\Chinaenyenwa\\Desktop\\FieldSpec\\FieldSpec\\node_modules\\@prisma\\client\\runtime\\client.js:66:3832)\n    at new t (C:\\Users\\Chinaenyenwa\\Desktop\\FieldSpec\\FieldSpec\\node_modules\\@prisma\\client\\runtime\\client.js:70:1808)\n    at eval (webpack-internal:///(rsc)/./lib/prisma.ts:9:42)\n    at (rsc)/./lib/prisma.ts (C:\\Users\\Chinaenyenwa\\Desktop\\FieldSpec\\FieldSpec\\.next\\server\\app\\api\\auth\\signup\\route.js:66:1)\n    at __webpack_require__ (C:\\Users\\Chinaenyenwa\\Desktop\\FieldSpec\\FieldSpec\\.next\\server\\webpack-runtime.js:25:43)\n    at eval (webpack-internal:///(rsc)/./services/auth/auth.service.ts:9:69)\n    at (rsc)/./services/auth/auth.service.ts (C:\\Users\\Chinaenyenwa\\Desktop\\FieldSpec\\FieldSpec\\.next\\server\\app\\api\\auth\\signup\\route.js:131:1)\n    at __webpack_require__ (C:\\Users\\Chinaenyenwa\\Desktop\\FieldSpec\\FieldSpec\\.next\\server\\webpack-runtime.js:25:43)\n    at eval (webpack-internal:///(rsc)/./app/api/auth/signup/route.ts:8:85)\n    at __webpack_require__.a (C:\\Users\\Chinaenyenwa\\Desktop\\FieldSpec\\FieldSpec\\.next\\server\\webpack-runtime.js:94:13)\n    at eval (webpack-internal:///(rsc)/./app/api/auth/signup/route.ts:1:21)\n    at (rsc)/./app/api/auth/signup/route.ts (C:\\Users\\Chinaenyenwa\\Desktop\\FieldSpec\\FieldSpec\\.next\\server\\app\\api\\auth\\signup\\route.js:22:1)\n    at __webpack_require__ (C:\\Users\\Chinaenyenwa\\Desktop\\FieldSpec\\FieldSpec\\.next\\server\\webpack-runtime.js:25:43)\n    at eval (webpack-internal:///(rsc)/./node_modules/next/dist/build/webpack/loaders/next-app-loader/index.js?name=app%2Fapi%2Fauth%2Fsignup%2Froute\u0026page=%2Fapi%2Fauth%2Fsignup%2Froute\u0026appPaths=\u0026pagePath=private-next-app-dir%2Fapi%2Fauth%2Fsignup%2Froute.ts\u0026appDir=C%3A%5CUsers%5CChinaenyenwa%5CDesktop%5CFieldSpec%5CFieldSpec%5Capp\u0026pageExtensions=tsx\u0026pageExtensions=ts\u0026pageExtensions=jsx\u0026pageExtensions=js\u0026rootDir=C%3A%5CUsers%5CChinaenyenwa%5CDesktop%5CFieldSpec%5CFieldSpec\u0026isDev=true\u0026tsconfigPath=tsconfig.json\u0026basePath=\u0026assetPrefix=\u0026nextConfigOutput=\u0026preferredRegion=\u0026middlewareConfig=e30%3D\u0026isGlobalNotFoundEnabled=!:39:136)\n    at __webpack_require__.a (C:\\Users\\Chinaenyenwa\\Desktop\\FieldSpec\\FieldSpec\\.next\\server\\webpack-runtime.js:94:13)\n    at eval (webpack-internal:///(rsc)/./node_modules/next/dist/build/webpack/loaders/next-app-loader/index.js?name=app%2Fapi%2Fauth%2Fsignup%2Froute\u0026page=%2Fapi%2Fauth%2Fsignup%2Froute\u0026appPaths=\u0026pagePath=private-next-app-dir%2Fapi%2Fauth%2Fsignup%2Froute.ts\u0026appDir=C%3A%5CUsers%5CChinaenyenwa%5CDesktop%5CFieldSpec%5CFieldSpec%5Capp\u0026pageExtensions=tsx\u0026pageExtensions=ts\u0026pageExtensions=jsx\u0026pageExtensions=js\u0026rootDir=C%3A%5CUsers%5CChinaenyenwa%5CDesktop%5CFieldSpec%5CFieldSpec\u0026isDev=true\u0026tsconfigPath=tsconfig.json\u0026basePath=\u0026assetPrefix=\u0026nextConfigOutput=\u0026preferredRegion=\u0026middlewareConfig=e30%3D\u0026isGlobalNotFoundEnabled=!:1:21)\n    at (rsc)/./node_modules/next/dist/build/webpack/loaders/next-app-loader/index.js?name=app%2Fapi%2Fauth%2Fsignup%2Froute\u0026page=%2Fapi%2Fauth%2Fsignup%2Froute\u0026appPaths=\u0026pagePath=private-next-app-dir%2Fapi%2Fauth%2Fsignup%2Froute.ts\u0026appDir=C%3A%5CUsers%5CChinaenyenwa%5CDesktop%5CFieldSpec%5CFieldSpec%5Capp\u0026pageExtensions=tsx\u0026pageExtensions=ts\u0026pageExtensions=jsx\u0026pageExtensions=js\u0026rootDir=C%3A%5CUsers%5CChinaenyenwa%5CDesktop%5CFieldSpec%5CFieldSpec\u0026isDev=true\u0026tsconfigPath=tsconfig.json\u0026basePath=\u0026assetPrefix=\u0026nextConfigOutput=\u0026preferredRegion=\u0026middlewareConfig=e30%3D\u0026isGlobalNotFoundEnabled=! (C:\\Users\\Chinaenyenwa\\Desktop\\FieldSpec\\FieldSpec\\.next\\server\\app\\api\\auth\\signup\\route.js:110:1)\n    at __webpack_require__ (C:\\Users\\Chinaenyenwa\\Desktop\\FieldSpec\\FieldSpec\\.next\\server\\webpack-runtime.js:25:43)\n    at __webpack_exec__ (C:\\Users\\Chinaenyenwa\\Desktop\\FieldSpec\\FieldSpec\\.next\\server\\app\\api\\auth\\signup\\route.js:470:39)\n    at C:\\Users\\Chinaenyenwa\\Desktop\\FieldSpec\\FieldSpec\\.next\\server\\app\\api\\auth\\signup\\route.js:471:945\n    at __webpack_require__.X (C:\\Users\\Chinaenyenwa\\Desktop\\FieldSpec\\FieldSpec\\.next\\server\\webpack-runtime.js:182:21)\n    at C:\\Users\\Chinaenyenwa\\Desktop\\FieldSpec\\FieldSpec\\.next\\server\\app\\api\\auth\\signup\\route.js:471:47\n    at Object.\u003canonymous\u003e (C:\\Users\\Chinaenyenwa\\Desktop\\FieldSpec\\FieldSpec\\.next\\server\\app\\api\\auth\\signup\\route.js:474:3)\n    at Module._compile (node:internal/modules/cjs/loader:1803:14)\n    at Object..js (node:internal/modules/cjs/loader:1934:10)\n    at Module.load (node:internal/modules/cjs/loader:1524:32)\n    at Module._load (node:internal/modules/cjs/loader:1326:12)\n    at TracingChannel.traceSync (node:diagnostics_channel:328:14)\n    at wrapModuleLoad (node:internal/modules/cjs/loader:245:24)\n    at Module.\u003canonymous\u003e (node:internal/modules/cjs/loader:1547:12)\n    at mod.require (C:\\Users\\Chinaenyenwa\\Desktop\\FieldSpec\\FieldSpec\\node_modules\\next\\dist\\server\\require-hook.js:68:28)\n    at require (node:internal/modules/helpers:152:16)\n    at requirePage (C:\\Users\\Chinaenyenwa\\Desktop\\FieldSpec\\FieldSpec\\node_modules\\next\\dist\\server\\require.js:99:80)\n    at loadComponentsImpl (C:\\Users\\Chinaenyenwa\\Desktop\\FieldSpec\\FieldSpec\\node_modules\\next\\dist\\server\\load-components.js:132:57)\n    at async DevServer.findPageComponentsImpl (C:\\Users\\Chinaenyenwa\\Desktop\\FieldSpec\\FieldSpec\\node_modules\\next\\dist\\server\\next-server.js:899:36)\n    at async DevServer.findPageComponents (C:\\Users\\Chinaenyenwa\\Desktop\\FieldSpec\\FieldSpec\\node_modules\\next\\dist\\server\\dev\\next-dev-server.js:706:16)\n    at async DevServer.renderPageComponent (C:\\Users\\Chinaenyenwa\\Desktop\\FieldSpec\\FieldSpec\\node_modules\\next\\dist\\server\\base-server.js:1460:24)\n    at async DevServer.renderToResponseImpl (C:\\Users\\Chinaenyenwa\\Desktop\\FieldSpec\\FieldSpec\\node_modules\\next\\dist\\server\\base-server.js:1514:32)\n    at async DevServer.pipeImpl (C:\\Users\\Chinaenyenwa\\Desktop\\FieldSpec\\FieldSpec\\node_modules\\next\\dist\\server\\base-server.js:1025:25)\n    at async NextNodeServer.handleCatchallRenderRequest (C:\\Users\\Chinaenyenwa\\Desktop\\FieldSpec\\FieldSpec\\node_modules\\next\\dist\\server\\next-server.js:393:17)\n    at async DevServer.handleRequestImpl (C:\\Users\\Chinaenyenwa\\Desktop\\FieldSpec\\FieldSpec\\node_modules\\next\\dist\\server\\base-server.js:916:17)\n    at async C:\\Users\\Chinaenyenwa\\Desktop\\FieldSpec\\FieldSpec\\node_modules\\next\\dist\\server\\dev\\next-dev-server.js:400:20\n    at async Span.traceAsyncFn (C:\\Users\\Chinaenyenwa\\Desktop\\FieldSpec\\FieldSpec\\node_modules\\next\\dist\\trace\\trace.js:157:20)\n    at async DevServer.handleRequest (C:\\Users\\Chinaenyenwa\\Desktop\\FieldSpec\\FieldSpec\\node_modules\\next\\dist\\server\\dev\\next-dev-server.js:396:24)\n    at async invokeRender (C:\\Users\\Chinaenyenwa\\Desktop\\FieldSpec\\FieldSpec\\node_modules\\next\\dist\\server\\lib\\router-server.js:240:21)\n    at async handleRequest (C:\\Users\\Chinaenyenwa\\Desktop\\FieldSpec\\FieldSpec\\node_modules\\next\\dist\\server\\lib\\router-server.js:437:24)\n    at async requestHandlerImpl (C:\\Users\\Chinaenyenwa\\Desktop\\FieldSpec\\FieldSpec\\node_modules\\next\\dist\\server\\lib\\router-server.js:485:13)\n    at async Server.requestListener (C:\\Users\\Chinaenyenwa\\Desktop\\FieldSpec\\FieldSpec\\node_modules\\next\\dist\\server\\lib\\start-server.js:226:13)"},"gip":true,"scriptLoader":[]}</script></body></html>
